// Jest Snapshot v1, https://goo.gl/fbAQLP

exports[`matches snapshot 1`] = `
<DocumentFragment>
  <nav
    class="Navigation navbar navbar-expand-md"
  >
    <a
      class="navbar-brand"
      href="/"
    >
      Jobly
    </a>
    <ul
      class="navbar-nav ml-auto"
    >
      <li
        class="nav-item mr-4"
      >
        <a
          class="nav-link"
          href="/login"
        >
          Login
        </a>
      </li>
      <li
        class="nav-item mr-4"
      >
        <a
          class="nav-link"
          href="/signup"
        >
          Sign Up
        </a>
      </li>
    </ul>
  </nav>
  <main
    class="col-md-8 offset-md-2"
  >
    <div
      class="Homepage"
    >
      <div
        class="container text-center"
      >
        <h1
          class="mb-4 font-weight-bold"
        >
          Jobly
        </h1>
        <p
          class="lead"
        >
          All the jobs in one, convenient place.
        </p>
        <p>
          <a
            class="btn btn-primary font-weight-bold mr-3"
            href="/login"
          >
            Log in
          </a>
          <a
            class="btn btn-primary font-weight-bold"
            href="/signup"
          >
            Sign up
          </a>
        </p>
      </div>
    </div>
  </main>
</DocumentFragment>
`;
