// Jest Snapshot v1, https://goo.gl/fbAQLP

exports[`matches snapshot 1`] = `
<DocumentFragment>
  <div
    class="col-md-6 col-lg-4 offset-md-3 offset-lg-4 my-3"
  >
    <h1>
      Profile
    </h1>
    <form
      class=""
    >
      <div
        class="position-relative form-group"
      >
        <label
          class=""
          for="username"
        >
          Username
        </label>
        <p>
          testuser
        </p>
      </div>
      <div
        class="position-relative form-group"
      >
        <label
          class=""
          for="firstName"
        >
          First Name
        </label>
        <input
          class="form-control"
          id="firstName"
          name="firstName"
          type="text"
          value=""
        />
      </div>
      <div
        class="position-relative form-group"
      >
        <label
          class=""
          for="lastName"
        >
          Last Name
        </label>
        <input
          class="form-control"
          id="lastName"
          name="lastName"
          type="text"
          value=""
        />
      </div>
      <div
        class="position-relative form-group"
      >
        <label
          class=""
          for="email"
        >
          Email
        </label>
        <input
          class="form-control"
          id="email"
          name="email"
          placeholder="test@test.net"
          type="email"
          value="test@test.net"
        />
      </div>
      <div
        class="position-relative form-group"
      >
        <label
          class=""
          for="password"
        >
          Confirm password to make changes:
        </label>
        <input
          class="form-control"
          id="password"
          name="password"
          type="password"
          value=""
        />
      </div>
      <button
        class="btn btn-primary"
      >
        Save Changes
      </button>
    </form>
  </div>
</DocumentFragment>
`;
